[binaire1.plic] => .data
linebreak: 	.asciiz "\n"
separator: 	.asciiz ", "

.text
main :
    move $s7, $sp
    add $sp, $sp, -8
    li $v0, 3
    
    move $t1, $v0
    li $v0, 4
    
    add $v0, $t1, $v0
    sw $v0, -4($s7)
    lw $v0, -4($s7)
    
    move $a0, $v0
    li $v0, 1
    syscall
    li $v0, 4
    la $a0, linebreak
    syscall
    lw $v0, -4($s7)
    
    move $t1, $v0
    li $v0, 1
    
    add $v0, $t1, $v0
    sw $v0, -8($s7)
    lw $v0, -8($s7)
    
    move $a0, $v0
    li $v0, 1
    syscall
    li $v0, 4
    la $a0, linebreak
    syscall

end :
    li $v0, 10
    syscall

 
[binaire10-parenthVars.plic] => .data
linebreak: 	.asciiz "\n"
separator: 	.asciiz ", "

.text
main :
    move $s7, $sp
    add $sp, $sp, -20
    li $v0, 4
    
    sw $v0, -4($s7)
    li $v0, 1
    
    move $t0, $v0
    li $v0, 2
    
    li $t1, 4
    mul $v0, $v0, $t1
    li $t2, -16
    add $t2, $t2, $v0
    add $t2, $t2, $s7
    move $v0, $t0
    sw $v0, 0($t2)
    lw $v0, -4($s7)
    
    move $t1, $v0
    li $v0, 2
    
    li $t1, 4
    mul $v0, $v0, $t1
    li $t2, -16
    add $t2, $t2, $v0
    add $t2, $t2, $s7
    lw $v0, 0($t2)
    
    add $v0, $t1, $v0
    sw $v0, 0($sp)
    addi $sp, $sp, -4
    lw $v0, -4($s7)
    
    addi $sp, $sp, 4
    lw $t0, 0($sp)
    mul $v0, $t0, $v0
    move $t1, $v0
    li $v0, 100
    
    add $v0, $t1, $v0
    move $a0, $v0
    li $v0, 1
    syscall
    li $v0, 4
    la $a0, linebreak
    syscall

end :
    li $v0, 10
    syscall

 
[binaire11-moinsParenth.plic] => .data
linebreak: 	.asciiz "\n"
separator: 	.asciiz ", "

.text
main :
    move $s7, $sp
    add $sp, $sp, -0
    li $v0, 3
    
    sw $v0, 0($sp)
    addi $sp, $sp, -4
    li $v0, 3
    
    addi $sp, $sp, 4
    lw $t0, 0($sp)
    mul $v0, $t0, $v0
    neg $v0, $v0
    move $a0, $v0
    li $v0, 1
    syscall
    li $v0, 4
    la $a0, linebreak
    syscall
    li $v0, 3
    
    move $t1, $v0
    li $v0, 4
    
    add $v0, $t1, $v0
    neg $v0, $v0
    move $t1, $v0
    li $v0, 5
    
    add $v0, $t1, $v0
    move $a0, $v0
    li $v0, 1
    syscall
    li $v0, 4
    la $a0, linebreak
    syscall

end :
    li $v0, 10
    syscall

 
[binaire12-non.plic] => .data
linebreak: 	.asciiz "\n"
separator: 	.asciiz ", "

.text
main :
    move $s7, $sp
    add $sp, $sp, -0
    li $v0, 2
    
    sw $v0, 0($sp)
    addiu $sp, $sp, -4
    li $v0, 3
    
    lw $t0, 4($sp)
    addiu $sp, $sp, 4
    slt $v0, $t0, $v0
    move $a0, $v0
    li $v0, 1
    syscall
    li $v0, 4
    la $a0, linebreak
    syscall
    li $v0, 2
    
    sw $v0, 0($sp)
    addiu $sp, $sp, -4
    li $v0, 3
    
    lw $t0, 4($sp)
    addiu $sp, $sp, 4
    slt $v0, $t0, $v0
    xori $v0, $v0, 1
    move $a0, $v0
    li $v0, 1
    syscall
    li $v0, 4
    la $a0, linebreak
    syscall
    li $v0, 2
    
    sw $v0, 0($sp)
    addiu $sp, $sp, -4
    li $v0, 3
    
    lw $t0, 4($sp)
    addiu $sp, $sp, 4
    slt $v0, $v0, $t0
    xori $v0, $v0, 1
    move $a0, $v0
    li $v0, 1
    syscall
    li $v0, 4
    la $a0, linebreak
    syscall

end :
    li $v0, 10
    syscall

 
[binaire13-arithNops.plic] => .data
linebreak: 	.asciiz "\n"
separator: 	.asciiz ", "

.text
main :
    move $s7, $sp
    add $sp, $sp, -8
    li $v0, 2
    
    move $t1, $v0
    li $v0, 5
    
    add $v0, $t1, $v0
    move $t1, $v0
    li $v0, 4
    
    sub $v0, $t1, $v0
    move $t1, $v0
    li $v0, 1
    
    add $v0, $t1, $v0
    sw $v0, -4($s7)
    lw $v0, -4($s7)
    
    move $a0, $v0
    li $v0, 1
    syscall
    li $v0, 4
    la $a0, linebreak
    syscall
    li $v0, 4
    
    sw $v0, 0($sp)
    addi $sp, $sp, -4
    li $v0, 3
    
    addi $sp, $sp, 4
    lw $t0, 0($sp)
    mul $v0, $t0, $v0
    sw $v0, 0($sp)
    addi $sp, $sp, -4
    li $v0, 2
    
    addi $sp, $sp, 4
    lw $t0, 0($sp)
    mul $v0, $t0, $v0
    sw $v0, -8($s7)
    lw $v0, -8($s7)
    
    move $a0, $v0
    li $v0, 1
    syscall
    li $v0, 4
    la $a0, linebreak
    syscall

end :
    li $v0, 10
    syscall

 
[binaire14-arithPriorite.plic] => .data
linebreak: 	.asciiz "\n"
separator: 	.asciiz ", "

.text
main :
    move $s7, $sp
    add $sp, $sp, -16
    li $v0, 2
    
    sw $v0, -8($s7)
    li $v0, 9
    
    sw $v0, -12($s7)
    li $v0, 2
    
    sw $v0, -16($s7)
    lw $v0, -8($s7)
    
    move $t1, $v0
    lw $v0, -12($s7)
    
    sub $v0, $t1, $v0
    move $t1, $v0
    li $v0, 2
    
    sw $v0, 0($sp)
    addi $sp, $sp, -4
    lw $v0, -16($s7)
    
    addi $sp, $sp, 4
    lw $t0, 0($sp)
    mul $v0, $t0, $v0
    add $v0, $t1, $v0
    move $a0, $v0
    li $v0, 1
    syscall
    li $v0, 4
    la $a0, linebreak
    syscall

end :
    li $v0, 10
    syscall

 
[binaire2.plic] => .data
linebreak: 	.asciiz "\n"
separator: 	.asciiz ", "

.text
main :
    move $s7, $sp
    add $sp, $sp, -8
    li $v0, 3
    
    move $t1, $v0
    li $v0, 6
    
    sub $v0, $t1, $v0
    sw $v0, -4($s7)
    lw $v0, -4($s7)
    
    move $a0, $v0
    li $v0, 1
    syscall
    li $v0, 4
    la $a0, linebreak
    syscall
    lw $v0, -4($s7)
    
    sw $v0, 0($sp)
    addi $sp, $sp, -4
    li $v0, 2
    
    addi $sp, $sp, 4
    lw $t0, 0($sp)
    mul $v0, $t0, $v0
    sw $v0, -8($s7)
    lw $v0, -8($s7)
    
    move $a0, $v0
    li $v0, 1
    syscall
    li $v0, 4
    la $a0, linebreak
    syscall

end :
    li $v0, 10
    syscall

 
[binaire3.plic] => .data
linebreak: 	.asciiz "\n"
separator: 	.asciiz ", "

.text
main :
    move $s7, $sp
    add $sp, $sp, -0
    li $v0, 2
    
    sw $v0, 0($sp)
    addiu $sp, $sp, -4
    li $v0, 3
    
    lw $t0, 4($sp)
    addiu $sp, $sp, 4
    slt $v0, $t0, $v0
    move $a0, $v0
    li $v0, 1
    syscall
    li $v0, 4
    la $a0, linebreak
    syscall
    li $v0, 3
    
    sw $v0, 0($sp)
    addiu $sp, $sp, -4
    li $v0, 2
    
    lw $t0, 4($sp)
    addiu $sp, $sp, 4
    slt $v0, $t0, $v0
    move $a0, $v0
    li $v0, 1
    syscall
    li $v0, 4
    la $a0, linebreak
    syscall

end :
    li $v0, 10
    syscall

 
[binaire4.plic] => .data
linebreak: 	.asciiz "\n"
separator: 	.asciiz ", "

.text
main :
    move $s7, $sp
    add $sp, $sp, -0
    li $v0, 2
    
    sw $v0, 0($sp)
    addiu $sp, $sp, -4
    li $v0, 3
    
    lw $t0, 4($sp)
    addiu $sp, $sp, 4
    slt $v0, $v0, $t0
    move $a0, $v0
    li $v0, 1
    syscall
    li $v0, 4
    la $a0, linebreak
    syscall
    li $v0, 3
    
    sw $v0, 0($sp)
    addiu $sp, $sp, -4
    li $v0, 2
    
    lw $t0, 4($sp)
    addiu $sp, $sp, 4
    slt $v0, $v0, $t0
    move $a0, $v0
    li $v0, 1
    syscall
    li $v0, 4
    la $a0, linebreak
    syscall
    li $v0, 3
    
    sw $v0, 0($sp)
    addiu $sp, $sp, -4
    li $v0, 3
    
    lw $t0, 4($sp)
    addiu $sp, $sp, 4
    slt $v0, $v0, $t0
    xori $v0, $v0, 1
    move $a0, $v0
    li $v0, 1
    syscall
    li $v0, 4
    la $a0, linebreak
    syscall
    li $v0, 3
    
    sw $v0, 0($sp)
    addiu $sp, $sp, -4
    li $v0, 3
    
    lw $t0, 4($sp)
    addiu $sp, $sp, 4
    slt $v0, $t0, $v0
    xori $v0, $v0, 1
    move $a0, $v0
    li $v0, 1
    syscall
    li $v0, 4
    la $a0, linebreak
    syscall
    li $v0, 3
    
    sw $v0, 0($sp)
    addiu $sp, $sp, -4
    li $v0, 2
    
    lw $t0, 4($sp)
    addiu $sp, $sp, 4
    slt $v0, $t0, $v0
    xori $v0, $v0, 1
    move $a0, $v0
    li $v0, 1
    syscall
    li $v0, 4
    la $a0, linebreak
    syscall
    li $v0, 2
    
    sw $v0, 0($sp)
    addiu $sp, $sp, -4
    li $v0, 3
    
    lw $t0, 4($sp)
    addiu $sp, $sp, 4
    slt $v0, $t0, $v0
    xori $v0, $v0, 1
    move $a0, $v0
    li $v0, 1
    syscall
    li $v0, 4
    la $a0, linebreak
    syscall
    li $v0, 3
    
    sw $v0, 0($sp)
    addiu $sp, $sp, -4
    li $v0, 2
    
    lw $t0, 4($sp)
    addiu $sp, $sp, 4
    slt $v0, $v0, $t0
    xori $v0, $v0, 1
    move $a0, $v0
    li $v0, 1
    syscall
    li $v0, 4
    la $a0, linebreak
    syscall
    li $v0, 2
    
    sw $v0, 0($sp)
    addiu $sp, $sp, -4
    li $v0, 3
    
    lw $t0, 4($sp)
    addiu $sp, $sp, 4
    slt $v0, $v0, $t0
    xori $v0, $v0, 1
    move $a0, $v0
    li $v0, 1
    syscall
    li $v0, 4
    la $a0, linebreak
    syscall

end :
    li $v0, 10
    syscall

 
[binaire5.plic] => .data
linebreak: 	.asciiz "\n"
separator: 	.asciiz ", "

.text
main :
    move $s7, $sp
    add $sp, $sp, -0
    li $v0, 3
    
    sw $v0, 0($sp)
    addiu $sp, $sp, -4
    li $v0, 3
    
    lw $t0, 4($sp)
    addiu $sp, $sp, 4
    sub $v0, $v0, $t0
    sltiu $v0, $v0, 1
    move $a0, $v0
    li $v0, 1
    syscall
    li $v0, 4
    la $a0, linebreak
    syscall
    li $v0, 2
    
    sw $v0, 0($sp)
    addiu $sp, $sp, -4
    li $v0, 3
    
    lw $t0, 4($sp)
    addiu $sp, $sp, 4
    sub $v0, $v0, $t0
    sltiu $v0, $v0, 1
    move $a0, $v0
    li $v0, 1
    syscall
    li $v0, 4
    la $a0, linebreak
    syscall
    li $v0, 3
    
    sw $v0, 0($sp)
    addiu $sp, $sp, -4
    li $v0, 3
    
    lw $t0, 4($sp)
    addiu $sp, $sp, 4
    sub $v0, $v0, $t0
    sltiu $v0, $v0, 1
    xori $v0, $v0, 1
    move $a0, $v0
    li $v0, 1
    syscall
    li $v0, 4
    la $a0, linebreak
    syscall
    li $v0, 3
    
    sw $v0, 0($sp)
    addiu $sp, $sp, -4
    li $v0, 2
    
    lw $t0, 4($sp)
    addiu $sp, $sp, 4
    sub $v0, $v0, $t0
    sltiu $v0, $v0, 1
    xori $v0, $v0, 1
    move $a0, $v0
    li $v0, 1
    syscall
    li $v0, 4
    la $a0, linebreak
    syscall

end :
    li $v0, 10
    syscall

 
[binaire6-parentheses.plic] => .data
linebreak: 	.asciiz "\n"
separator: 	.asciiz ", "

.text
main :
    move $s7, $sp
    add $sp, $sp, -0
    li $v0, 3
    
    sw $v0, 0($sp)
    addiu $sp, $sp, -4
    li $v0, 3
    
    lw $t0, 4($sp)
    addiu $sp, $sp, 4
    sub $v0, $v0, $t0
    sltiu $v0, $v0, 1
    move $a0, $v0
    li $v0, 1
    syscall
    li $v0, 4
    la $a0, linebreak
    syscall
    li $v0, 3
    
    move $t1, $v0
    li $v0, 3
    
    add $v0, $t1, $v0
    move $t1, $v0
    li $v0, 3
    
    add $v0, $t1, $v0
    move $a0, $v0
    li $v0, 1
    syscall
    li $v0, 4
    la $a0, linebreak
    syscall
    li $v0, 3
    
    move $t1, $v0
    li $v0, 3
    
    add $v0, $t1, $v0
    move $t1, $v0
    li $v0, 1
    
    move $t1, $v0
    li $v0, 2
    
    add $v0, $t1, $v0
    add $v0, $t1, $v0
    move $a0, $v0
    li $v0, 1
    syscall
    li $v0, 4
    la $a0, linebreak
    syscall

end :
    li $v0, 10
    syscall

 
[binaire7-Et.plic] => .data
linebreak: 	.asciiz "\n"
separator: 	.asciiz ", "

.text
main :
    move $s7, $sp
    add $sp, $sp, -0
    li $v0, 3
    
    sw $v0, 0($sp)
    addiu $sp, $sp, -4
    li $v0, 3
    
    lw $t0, 4($sp)
    addiu $sp, $sp, 4
    sub $v0, $v0, $t0
    sltiu $v0, $v0, 1
    sw $v0, 0($sp)
    addiu $sp, $sp, -4
    li $v0, 8
    
    sw $v0, 0($sp)
    addiu $sp, $sp, -4
    li $v0, 3
    
    lw $t0, 4($sp)
    addiu $sp, $sp, 4
    slt $v0, $v0, $t0
    lw $t0, 4($sp)
    addiu $sp, $sp, 4
    and $v0, $t0, $v0
    move $a0, $v0
    li $v0, 1
    syscall
    li $v0, 4
    la $a0, linebreak
    syscall
    li $v0, 3
    
    sw $v0, 0($sp)
    addiu $sp, $sp, -4
    li $v0, 2
    
    lw $t0, 4($sp)
    addiu $sp, $sp, 4
    sub $v0, $v0, $t0
    sltiu $v0, $v0, 1
    sw $v0, 0($sp)
    addiu $sp, $sp, -4
    li $v0, 8
    
    sw $v0, 0($sp)
    addiu $sp, $sp, -4
    li $v0, 3
    
    lw $t0, 4($sp)
    addiu $sp, $sp, 4
    slt $v0, $v0, $t0
    lw $t0, 4($sp)
    addiu $sp, $sp, 4
    and $v0, $t0, $v0
    move $a0, $v0
    li $v0, 1
    syscall
    li $v0, 4
    la $a0, linebreak
    syscall
    li $v0, 3
    
    sw $v0, 0($sp)
    addiu $sp, $sp, -4
    li $v0, 3
    
    lw $t0, 4($sp)
    addiu $sp, $sp, 4
    sub $v0, $v0, $t0
    sltiu $v0, $v0, 1
    sw $v0, 0($sp)
    addiu $sp, $sp, -4
    li $v0, 8
    
    sw $v0, 0($sp)
    addiu $sp, $sp, -4
    li $v0, 10
    
    lw $t0, 4($sp)
    addiu $sp, $sp, 4
    slt $v0, $v0, $t0
    lw $t0, 4($sp)
    addiu $sp, $sp, 4
    and $v0, $t0, $v0
    move $a0, $v0
    li $v0, 1
    syscall
    li $v0, 4
    la $a0, linebreak
    syscall
    li $v0, 3
    
    sw $v0, 0($sp)
    addiu $sp, $sp, -4
    li $v0, 2
    
    lw $t0, 4($sp)
    addiu $sp, $sp, 4
    sub $v0, $v0, $t0
    sltiu $v0, $v0, 1
    sw $v0, 0($sp)
    addiu $sp, $sp, -4
    li $v0, 8
    
    sw $v0, 0($sp)
    addiu $sp, $sp, -4
    li $v0, 10
    
    lw $t0, 4($sp)
    addiu $sp, $sp, 4
    slt $v0, $v0, $t0
    lw $t0, 4($sp)
    addiu $sp, $sp, 4
    and $v0, $t0, $v0
    move $a0, $v0
    li $v0, 1
    syscall
    li $v0, 4
    la $a0, linebreak
    syscall

end :
    li $v0, 10
    syscall

 
[binaire8-Ou.plic] => .data
linebreak: 	.asciiz "\n"
separator: 	.asciiz ", "

.text
main :
    move $s7, $sp
    add $sp, $sp, -0
    li $v0, 3
    
    sw $v0, 0($sp)
    addiu $sp, $sp, -4
    li $v0, 3
    
    lw $t0, 4($sp)
    addiu $sp, $sp, 4
    sub $v0, $v0, $t0
    sltiu $v0, $v0, 1
    sw $v0, 0($sp)
    addiu $sp, $sp, -4
    li $v0, 8
    
    sw $v0, 0($sp)
    addiu $sp, $sp, -4
    li $v0, 3
    
    lw $t0, 4($sp)
    addiu $sp, $sp, 4
    slt $v0, $v0, $t0
    lw $t0, 4($sp)
    addiu $sp, $sp, 4
    or $v0, $t0, $v0
    move $a0, $v0
    li $v0, 1
    syscall
    li $v0, 4
    la $a0, linebreak
    syscall
    li $v0, 3
    
    sw $v0, 0($sp)
    addiu $sp, $sp, -4
    li $v0, 2
    
    lw $t0, 4($sp)
    addiu $sp, $sp, 4
    sub $v0, $v0, $t0
    sltiu $v0, $v0, 1
    sw $v0, 0($sp)
    addiu $sp, $sp, -4
    li $v0, 8
    
    sw $v0, 0($sp)
    addiu $sp, $sp, -4
    li $v0, 3
    
    lw $t0, 4($sp)
    addiu $sp, $sp, 4
    slt $v0, $v0, $t0
    lw $t0, 4($sp)
    addiu $sp, $sp, 4
    or $v0, $t0, $v0
    move $a0, $v0
    li $v0, 1
    syscall
    li $v0, 4
    la $a0, linebreak
    syscall
    li $v0, 3
    
    sw $v0, 0($sp)
    addiu $sp, $sp, -4
    li $v0, 3
    
    lw $t0, 4($sp)
    addiu $sp, $sp, 4
    sub $v0, $v0, $t0
    sltiu $v0, $v0, 1
    sw $v0, 0($sp)
    addiu $sp, $sp, -4
    li $v0, 8
    
    sw $v0, 0($sp)
    addiu $sp, $sp, -4
    li $v0, 10
    
    lw $t0, 4($sp)
    addiu $sp, $sp, 4
    slt $v0, $v0, $t0
    lw $t0, 4($sp)
    addiu $sp, $sp, 4
    or $v0, $t0, $v0
    move $a0, $v0
    li $v0, 1
    syscall
    li $v0, 4
    la $a0, linebreak
    syscall
    li $v0, 3
    
    sw $v0, 0($sp)
    addiu $sp, $sp, -4
    li $v0, 2
    
    lw $t0, 4($sp)
    addiu $sp, $sp, 4
    sub $v0, $v0, $t0
    sltiu $v0, $v0, 1
    sw $v0, 0($sp)
    addiu $sp, $sp, -4
    li $v0, 8
    
    sw $v0, 0($sp)
    addiu $sp, $sp, -4
    li $v0, 10
    
    lw $t0, 4($sp)
    addiu $sp, $sp, 4
    slt $v0, $v0, $t0
    lw $t0, 4($sp)
    addiu $sp, $sp, 4
    or $v0, $t0, $v0
    move $a0, $v0
    li $v0, 1
    syscall
    li $v0, 4
    la $a0, linebreak
    syscall

end :
    li $v0, 10
    syscall

 
[binaire9-parenthesesC.plic] => .data
linebreak: 	.asciiz "\n"
separator: 	.asciiz ", "

.text
main :
    move $s7, $sp
    add $sp, $sp, -0
    li $v0, 9
    
    move $t1, $v0
    li $v0, 2
    
    sub $v0, $t1, $v0
    sw $v0, 0($sp)
    addi $sp, $sp, -4
    li $v0, 1
    
    move $t1, $v0
    li $v0, 2
    
    add $v0, $t1, $v0
    addi $sp, $sp, 4
    lw $t0, 0($sp)
    mul $v0, $t0, $v0
    move $a0, $v0
    li $v0, 1
    syscall
    li $v0, 4
    la $a0, linebreak
    syscall
    li $v0, 1
    
    move $t1, $v0
    li $v0, 5
    
    add $v0, $t1, $v0
    move $t1, $v0
    li $v0, 2
    
    sub $v0, $t1, $v0
    sw $v0, 0($sp)
    addi $sp, $sp, -4
    li $v0, 1
    
    move $t1, $v0
    li $v0, 2
    
    add $v0, $t1, $v0
    addi $sp, $sp, 4
    lw $t0, 0($sp)
    mul $v0, $t0, $v0
    move $a0, $v0
    li $v0, 1
    syscall
    li $v0, 4
    la $a0, linebreak
    syscall

end :
    li $v0, 10
    syscall

 
[binaireErreur1.plic] => ERREUR: Les deux operateurs doivent être de type entier (Sémantique)
 
[binaireErreur2.plic] => ERREUR: Affectation entre des types différents non autorisée (entier := booleen) (Sémantique)
 
[binaireErreur3-boolEnt.plic] => ERREUR: Les deux operateurs doivent être de type entier (Sémantique)
 
[binaireErreur4-moinsParenth.plic] => ERREUR: L'expression doit être de type entier (Sémantique)
 
[binaireErreur5-booleen.plic] => ERREUR: Affectation entre des types différents non autorisée (entier := booleen) (Sémantique)
 
[binaireErreur6-entierBool.plic] => ERREUR: Les deux operateurs doivent être de type entier (Sémantique)
 
[binaireErreur7-OpposePasParenth.plic] => ERREUR: Expression parenthésée attendue après le signe moins - token "1" (Syntaxe)
 
[controle1-lire.plic] => .data
linebreak: 	.asciiz "\n"
separator: 	.asciiz ", "

.text
main :
    move $s7, $sp
    add $sp, $sp, -4
    li $v0, 5
    syscall
    sw $v0, -4($s7)
    lw $v0, -4($s7)
    
    move $a0, $v0
    li $v0, 1
    syscall
    li $v0, 4
    la $a0, linebreak
    syscall

end :
    li $v0, 10
    syscall

 
[controle2-lireEltTab.plic] => .data
linebreak: 	.asciiz "\n"
separator: 	.asciiz ", "

.text
main :
    move $s7, $sp
    add $sp, $sp, -16
    li $v0, 1
    
    li $t1, 4
    mul $v0, $v0, $t1
    li $t2, -16
    add $t2, $t2, $v0
    add $t2, $t2, $s7
    lw $v0, 0($t2)
    
    li $v0, 5
    syscall
    sw $v0, 0($t2)
    li $v0, 1
    
    li $t1, 4
    mul $v0, $v0, $t1
    li $t2, -16
    add $t2, $t2, $v0
    add $t2, $t2, $s7
    lw $v0, 0($t2)
    
    move $a0, $v0
    li $v0, 1
    syscall
    li $v0, 4
    la $a0, linebreak
    syscall
    li $t4, 0
    li $t5, 4
    loopTab1:
    bge $t4, $t5, endLoopTab1
    li $t1, 4
    mul $t2, $t4, $t1
    add $t2, $t2, -16
    add $t2, $t2, $s7
    lw $a0, 0($t2)
    li $v0, 1
    syscall
    li $v0, 4
    addi $t6, $t4, 1
    bge $t6, $t5, endLoopTab1
    la $a0, separator
    syscall
    addi $t4, $t4, 1
    j loopTab1
    
    endLoopTab1:
    la $a0, linebreak
    syscall

end :
    li $v0, 10
    syscall


[controle3-lireTab.plic] => ERREUR: Pas encore implémenté:Affectation de tableaux par lecture
 
[controle4-siAlorsVrai.plic] => .data
linebreak: 	.asciiz "\n"
separator: 	.asciiz ", "

.text
main :
    move $s7, $sp
    add $sp, $sp, -4
    li $v0, 5
    
    sw $v0, -4($s7)
    li $v0, 1
    
    sw $v0, 0($sp)
    addiu $sp, $sp, -4
    li $v0, 2
    
    lw $t0, 4($sp)
    addiu $sp, $sp, 4
    slt $v0, $t0, $v0
    beqz $v0, sinonBloc1
        move $s7, $sp
        add $sp, $sp, -4
        li $v0, 46
        
        move $a0, $v0
        li $v0, 1
        syscall
        li $v0, 4
        la $a0, linebreak
        syscall
    j finCondition1
    sinonBloc1:
    finCondition1:
    li $v0, 3
    
    sw $v0, -4($s7)

end :
    li $v0, 10
    syscall

 
[controle5-siAlorsFaux.plic] => .data
linebreak: 	.asciiz "\n"
separator: 	.asciiz ", "

.text
main :
    move $s7, $sp
    add $sp, $sp, -4
    li $v0, 5
    
    sw $v0, -4($s7)
    li $v0, 3
    
    sw $v0, 0($sp)
    addiu $sp, $sp, -4
    li $v0, 2
    
    lw $t0, 4($sp)
    addiu $sp, $sp, 4
    slt $v0, $t0, $v0
    beqz $v0, sinonBloc1
        move $s7, $sp
        add $sp, $sp, -4
        li $v0, 46
        
        move $a0, $v0
        li $v0, 1
        syscall
        li $v0, 4
        la $a0, linebreak
        syscall
    j finCondition1
    sinonBloc1:
    finCondition1:
    li $v0, 3
    
    sw $v0, -4($s7)

end :
    li $v0, 10
    syscall

 
[controle6-siAlorsSinonVrai.plic] => .data
linebreak: 	.asciiz "\n"
separator: 	.asciiz ", "

.text
main :
    move $s7, $sp
    add $sp, $sp, -4
    li $v0, 5
    
    sw $v0, -4($s7)
    li $v0, 1
    
    sw $v0, 0($sp)
    addiu $sp, $sp, -4
    li $v0, 2
    
    lw $t0, 4($sp)
    addiu $sp, $sp, 4
    slt $v0, $t0, $v0
    beqz $v0, sinonBloc1
        move $s7, $sp
        add $sp, $sp, -4
        li $v0, 46
        
        move $a0, $v0
        li $v0, 1
        syscall
        li $v0, 4
        la $a0, linebreak
        syscall
    j finCondition1
    sinonBloc1:
        move $s7, $sp
        add $sp, $sp, -4
        li $v0, 7
        
        move $a0, $v0
        li $v0, 1
        syscall
        li $v0, 4
        la $a0, linebreak
        syscall
    finCondition1:
    li $v0, 3
    
    sw $v0, -4($s7)

end :
    li $v0, 10
    syscall

 
[controle7-siAlorsSinonFaux.plic] => .data
linebreak: 	.asciiz "\n"
separator: 	.asciiz ", "

.text
main :
    move $s7, $sp
    add $sp, $sp, -4
    li $v0, 5
    
    sw $v0, -4($s7)
    li $v0, 3
    
    sw $v0, 0($sp)
    addiu $sp, $sp, -4
    li $v0, 2
    
    lw $t0, 4($sp)
    addiu $sp, $sp, 4
    slt $v0, $t0, $v0
    beqz $v0, sinonBloc1
        move $s7, $sp
        add $sp, $sp, -4
        li $v0, 46
        
        move $a0, $v0
        li $v0, 1
        syscall
        li $v0, 4
        la $a0, linebreak
        syscall
    j finCondition1
    sinonBloc1:
        move $s7, $sp
        add $sp, $sp, -4
        li $v0, 7
        
        move $a0, $v0
        li $v0, 1
        syscall
        li $v0, 4
        la $a0, linebreak
        syscall
    finCondition1:
    li $v0, 3
    
    sw $v0, -4($s7)

end :
    li $v0, 10
    syscall

 
[controle8-siAlorsSinonMultiple.plic] => .data
linebreak: 	.asciiz "\n"
separator: 	.asciiz ", "

.text
main :
    move $s7, $sp
    add $sp, $sp, -4
    li $v0, 5
    
    sw $v0, -4($s7)
    lw $v0, -4($s7)
    
    sw $v0, 0($sp)
    addiu $sp, $sp, -4
    li $v0, 2
    
    lw $t0, 4($sp)
    addiu $sp, $sp, 4
    slt $v0, $t0, $v0
    beqz $v0, sinonBloc1
        move $s7, $sp
        add $sp, $sp, -4
        li $v0, 46
        
        move $a0, $v0
        li $v0, 1
        syscall
        li $v0, 4
        la $a0, linebreak
        syscall
    j finCondition1
    sinonBloc1:
        move $s7, $sp
        add $sp, $sp, -4
        li $v0, 7
        
        move $a0, $v0
        li $v0, 1
        syscall
        li $v0, 4
        la $a0, linebreak
        syscall
    finCondition1:
    li $v0, 3
    
    sw $v0, 0($sp)
    addiu $sp, $sp, -4
    li $v0, 2
    
    lw $t0, 4($sp)
    addiu $sp, $sp, 4
    slt $v0, $v0, $t0
    beqz $v0, sinonBloc2
        move $s7, $sp
        add $sp, $sp, -4
        li $v0, 102
        
        move $a0, $v0
        li $v0, 1
        syscall
        li $v0, 4
        la $a0, linebreak
        syscall
    j finCondition2
    sinonBloc2:
    finCondition2:
    li $v0, 8
    
    sw $v0, 0($sp)
    addiu $sp, $sp, -4
    li $v0, 3
    
    lw $t0, 4($sp)
    addiu $sp, $sp, 4
    slt $v0, $v0, $t0
    beqz $v0, sinonBloc3
        move $s7, $sp
        add $sp, $sp, -4
        li $v0, 50
        
        move $a0, $v0
        li $v0, 1
        syscall
        li $v0, 4
        la $a0, linebreak
        syscall
    j finCondition3
    sinonBloc3:
        move $s7, $sp
        add $sp, $sp, -4
        li $v0, 99
        
        move $a0, $v0
        li $v0, 1
        syscall
        li $v0, 4
        la $a0, linebreak
        syscall
    finCondition3:

end :
    li $v0, 10
    syscall

 
[controleErreur1-lireVarNonDeclare.plic] => ERREUR: Identificateur non déclaré: a
 
[masse\fileSimpleCorrect.plic] => .data
linebreak: 	.asciiz "\n"
separator: 	.asciiz ", "

.text
main :
    move $s7, $sp
    add $sp, $sp, -4

end :
    li $v0, 10
    syscall

 
[masse\fileSimpleIncorrect2.plic] => ERREUR: Identificateur non déclaré: a
 
[masse\fileSimpleIncorrect3.plic] => ERREUR: Instruction inattendue: entier (Syntaxe)
 
[masse\fileSimpleIncorrect4.plic] => ERREUR: ; attendu (Syntaxe)
 
[masse\mipsGlobal.plic] => .data
linebreak: 	.asciiz "\n"
separator: 	.asciiz ", "

.text
main :
    move $s7, $sp
    add $sp, $sp, -8
    li $v0, 5
    
    sw $v0, -4($s7)
    lw $v0, -4($s7)
    
    sw $v0, -8($s7)
    lw $v0, -4($s7)
    
    move $a0, $v0
    li $v0, 1
    syscall
    li $v0, 4
    la $a0, linebreak
    syscall
    lw $v0, -8($s7)
    
    move $a0, $v0
    li $v0, 1
    syscall
    li $v0, 4
    la $a0, linebreak
    syscall
    li $v0, 7
    
    move $a0, $v0
    li $v0, 1
    syscall
    li $v0, 4
    la $a0, linebreak
    syscall

end :
    li $v0, 10
    syscall

 
[masse\Plic0BugA.plic] => ERREUR: Opérande inattendu: % (Syntaxe)
 
[masse\Plic0BugB.plic] => ERREUR: identificateur attendu (lettres uniquement, n'est pas un mot réservé) (Syntaxe)
 
[masse\Plic0BugC.plic] => ERREUR: Instruction inattendue: := (Syntaxe)
 
[masse\Plic0BugD.plic] => ERREUR: Instruction inattendue: := (Syntaxe)
 
[masse\progDeux.plic] => .data
linebreak: 	.asciiz "\n"
separator: 	.asciiz ", "

.text
main :
    move $s7, $sp
    add $sp, $sp, -12
    li $v0, 5
    
    sw $v0, -4($s7)
    li $v0, 3
    
    sw $v0, -8($s7)
    li $v0, 0
    
    sw $v0, -12($s7)
    lw $v0, -4($s7)
    
    move $a0, $v0
    li $v0, 1
    syscall
    li $v0, 4
    la $a0, linebreak
    syscall
    lw $v0, -8($s7)
    
    move $a0, $v0
    li $v0, 1
    syscall
    li $v0, 4
    la $a0, linebreak
    syscall
    lw $v0, -12($s7)
    
    move $a0, $v0
    li $v0, 1
    syscall
    li $v0, 4
    la $a0, linebreak
    syscall

end :
    li $v0, 10
    syscall

 
[masse\progIncorrectCinq.plic] => ERREUR: identificateur attendu (lettres uniquement, n'est pas un mot réservé) (Syntaxe)
 
[masse\progIncorrectDeux.plic] => ERREUR: { attendu (Syntaxe)
 
[masse\progIncorrectDix.plic] => ERREUR: identificateur attendu (lettres uniquement, n'est pas un mot réservé) (Syntaxe)
 
[masse\progIncorrectDouze.plic] => ERREUR: Identificateur non déclaré: z
 
[masse\progIncorrectHuit.plic] => ERREUR: Instruction inattendue: # (Syntaxe)
 
[masse\progIncorrectNeuf.plic] => ERREUR: Instruction inattendue: $ (Syntaxe)
 
[masse\progIncorrectOnze.plic] => ERREUR: Double déclaration dans Entree
 
[masse\progIncorrectQuatre.plic] => ERREUR: identificateur attendu (lettres uniquement, n'est pas un mot réservé) (Syntaxe)
 
[masse\progIncorrectSept.plic] => ERREUR: Opérande inattendu: i6i (Syntaxe)
 
[masse\progIncorrectSix.plic] => ERREUR: identificateur attendu (lettres uniquement, n'est pas un mot réservé) (Syntaxe)
 
[masse\progIncorrectTrois.plic] => ERREUR: ; attendu (Syntaxe)
 
[masse\progIncorrectUn.plic] => ERREUR: programme attendu (Syntaxe)
 
[masse\progTest1.plic] => ERREUR: identificateur attendu (lettres uniquement, n'est pas un mot réservé) (Syntaxe)
 
[masse\progUn.plic] => .data
linebreak: 	.asciiz "\n"
separator: 	.asciiz ", "

.text
main :
    move $s7, $sp
    add $sp, $sp, -8
    li $v0, 10
    
    sw $v0, -4($s7)
    li $v0, 9
    
    sw $v0, -8($s7)
    lw $v0, -4($s7)
    
    move $a0, $v0
    li $v0, 1
    syscall
    li $v0, 4
    la $a0, linebreak
    syscall
    lw $v0, -8($s7)
    
    move $a0, $v0
    li $v0, 1
    syscall
    li $v0, 4
    la $a0, linebreak
    syscall

end :
    li $v0, 10
    syscall

 
[masse\somme1.plic] => .data
linebreak: 	.asciiz "\n"
separator: 	.asciiz ", "

.text
main :
    move $s7, $sp
    add $sp, $sp, -12
    li $v0, 1
    
    sw $v0, -4($s7)
    li $v0, 1
    
    sw $v0, -8($s7)
    lw $v0, -4($s7)
    
    move $t1, $v0
    lw $v0, -8($s7)
    
    add $v0, $t1, $v0
    sw $v0, -12($s7)
    lw $v0, -12($s7)
    
    move $a0, $v0
    li $v0, 1
    syscall
    li $v0, 4
    la $a0, linebreak
    syscall

end :
    li $v0, 10
    syscall

 
[masse\test1.plic] => ERREUR: Instruction inattendue: //On (Syntaxe)
 
[masse\test2.plic] => ERREUR: programme attendu (Syntaxe)
 
[masse\test3.plic] => ERREUR: identificateur attendu (lettres uniquement, n'est pas un mot réservé) (Syntaxe)
 
[masse\test4.plic] => ERREUR: Instruction inattendue: entier (Syntaxe)
 
[masse\test5.plic] => ERREUR: programme attendu (Syntaxe)
 
[masse\test6.plic] => ERREUR: programme attendu (Syntaxe)
 
[masse\test7.plic] => .data
linebreak: 	.asciiz "\n"
separator: 	.asciiz ", "

.text
main :
    move $s7, $sp
    add $sp, $sp, -8
    li $v0, 100
    
    sw $v0, -8($s7)
    lw $v0, -8($s7)
    
    move $a0, $v0
    li $v0, 1
    syscall
    li $v0, 4
    la $a0, linebreak
    syscall

end :
    li $v0, 10
    syscall

 
[masse\test8.plic] => ERREUR: identificateur attendu (lettres uniquement, n'est pas un mot réservé) (Syntaxe)
 
[source1.plic] => .data
linebreak: 	.asciiz "\n"
separator: 	.asciiz ", "

.text
main :
    move $s7, $sp
    add $sp, $sp, -8
    li $v0, 57
    
    sw $v0, -4($s7)
    lw $v0, -4($s7)
    
    move $a0, $v0
    li $v0, 1
    syscall
    li $v0, 4
    la $a0, linebreak
    syscall

end :
    li $v0, 10
    syscall

 
[source2.plic] => .data
linebreak: 	.asciiz "\n"
separator: 	.asciiz ", "

.text
main :
    move $s7, $sp
    add $sp, $sp, -4
    li $v0, 2
    
    sw $v0, -4($s7)
    lw $v0, -4($s7)
    
    move $a0, $v0
    li $v0, 1
    syscall
    li $v0, 4
    la $a0, linebreak
    syscall
    li $v0, 3
    
    sw $v0, -4($s7)
    lw $v0, -4($s7)
    
    move $a0, $v0
    li $v0, 1
    syscall
    li $v0, 4
    la $a0, linebreak
    syscall

end :
    li $v0, 10
    syscall

 
[source3.plic] => .data
linebreak: 	.asciiz "\n"
separator: 	.asciiz ", "

.text
main :
    move $s7, $sp
    add $sp, $sp, -0
    li $v0, 42
    
    move $a0, $v0
    li $v0, 1
    syscall
    li $v0, 4
    la $a0, linebreak
    syscall

end :
    li $v0, 10
    syscall

 
[sourceErreur1.plic] => ERREUR: Instruction inattendue: entier (Syntaxe)
 
[sourceErreur2.plic] => ERREUR: Instruction inattendue: entier (Syntaxe)
 
[sourceErreur3.plic] => ERREUR: Instruction inattendue: entier (Syntaxe)
 
[sourceErreur4.plic] => ERREUR: Instruction inattendue: ; (Syntaxe)
 
[sourceErreur5.plic] => ERREUR: Instruction inattendue: ; (Syntaxe)
 
[sourceErreur6.plic] => ERREUR: Instruction inattendue: entier (Syntaxe)
 
[tableaux1.plic] => .data
linebreak: 	.asciiz "\n"
separator: 	.asciiz ", "

.text
main :
    move $s7, $sp
    add $sp, $sp, -20
    li $v0, 3
    
    move $t0, $v0
    li $v0, 1
    
    li $t1, 4
    mul $v0, $v0, $t1
    li $t2, -20
    add $t2, $t2, $v0
    add $t2, $t2, $s7
    move $v0, $t0
    sw $v0, 0($t2)
    li $v0, 1
    
    li $t1, 4
    mul $v0, $v0, $t1
    li $t2, -20
    add $t2, $t2, $v0
    add $t2, $t2, $s7
    lw $v0, 0($t2)
    
    move $a0, $v0
    li $v0, 1
    syscall
    li $v0, 4
    la $a0, linebreak
    syscall

end :
    li $v0, 10
    syscall

 
[tableaux2.plic] => .data
linebreak: 	.asciiz "\n"
separator: 	.asciiz ", "

.text
main :
    move $s7, $sp
    add $sp, $sp, -40
    li $v0, 3
    
    move $t0, $v0
    li $v0, 1
    
    li $t1, 4
    mul $v0, $v0, $t1
    li $t2, -20
    add $t2, $t2, $v0
    add $t2, $t2, $s7
    move $v0, $t0
    sw $v0, 0($t2)
    li $v0, 1
    
    move $t0, $v0
    li $v0, 2
    
    li $t1, 4
    mul $v0, $v0, $t1
    li $t2, -40
    add $t2, $t2, $v0
    add $t2, $t2, $s7
    move $v0, $t0
    sw $v0, 0($t2)
    li $v0, 1
    
    li $t1, 4
    mul $v0, $v0, $t1
    li $t2, -20
    add $t2, $t2, $v0
    add $t2, $t2, $s7
    lw $v0, 0($t2)
    
    move $a0, $v0
    li $v0, 1
    syscall
    li $v0, 4
    la $a0, linebreak
    syscall
    li $v0, 2
    
    li $t1, 4
    mul $v0, $v0, $t1
    li $t2, -40
    add $t2, $t2, $v0
    add $t2, $t2, $s7
    lw $v0, 0($t2)
    
    move $a0, $v0
    li $v0, 1
    syscall
    li $v0, 4
    la $a0, linebreak
    syscall
    li $v0, 8
    
    move $t0, $v0
    li $v0, 1
    
    li $t1, 4
    mul $v0, $v0, $t1
    li $t2, -20
    add $t2, $t2, $v0
    add $t2, $t2, $s7
    move $v0, $t0
    sw $v0, 0($t2)
    li $v0, 1
    
    li $t1, 4
    mul $v0, $v0, $t1
    li $t2, -20
    add $t2, $t2, $v0
    add $t2, $t2, $s7
    lw $v0, 0($t2)
    
    move $a0, $v0
    li $v0, 1
    syscall
    li $v0, 4
    la $a0, linebreak
    syscall

end :
    li $v0, 10
    syscall

 
[tableaux3.plic] => .data
linebreak: 	.asciiz "\n"
separator: 	.asciiz ", "

.text
main :
    move $s7, $sp
    add $sp, $sp, -52
    li $v0, 3
    
    move $t0, $v0
    li $v0, 1
    
    li $t1, 4
    mul $v0, $v0, $t1
    li $t2, -20
    add $t2, $t2, $v0
    add $t2, $t2, $s7
    move $v0, $t0
    sw $v0, 0($t2)
    li $v0, 1
    
    move $t0, $v0
    li $v0, 5
    
    li $t1, 4
    mul $v0, $v0, $t1
    li $t2, -52
    add $t2, $t2, $v0
    add $t2, $t2, $s7
    move $v0, $t0
    sw $v0, 0($t2)
    li $v0, 5
    
    move $t0, $v0
    li $v0, 4
    
    li $t1, 4
    mul $v0, $v0, $t1
    li $t2, -20
    add $t2, $t2, $v0
    add $t2, $t2, $s7
    move $v0, $t0
    sw $v0, 0($t2)
    li $v0, 5
    
    li $t1, 4
    mul $v0, $v0, $t1
    li $t2, -52
    add $t2, $t2, $v0
    add $t2, $t2, $s7
    lw $v0, 0($t2)
    
    li $t1, 4
    mul $v0, $v0, $t1
    li $t2, -20
    add $t2, $t2, $v0
    add $t2, $t2, $s7
    lw $v0, 0($t2)
    
    move $a0, $v0
    li $v0, 1
    syscall
    li $v0, 4
    la $a0, linebreak
    syscall
    li $v0, 4
    
    li $t1, 4
    mul $v0, $v0, $t1
    li $t2, -20
    add $t2, $t2, $v0
    add $t2, $t2, $s7
    lw $v0, 0($t2)
    
    li $t1, 4
    mul $v0, $v0, $t1
    li $t2, -52
    add $t2, $t2, $v0
    add $t2, $t2, $s7
    lw $v0, 0($t2)
    
    li $t1, 4
    mul $v0, $v0, $t1
    li $t2, -20
    add $t2, $t2, $v0
    add $t2, $t2, $s7
    lw $v0, 0($t2)
    
    move $a0, $v0
    li $v0, 1
    syscall
    li $v0, 4
    la $a0, linebreak
    syscall
    li $v0, 4
    
    li $t1, 4
    mul $v0, $v0, $t1
    li $t2, -20
    add $t2, $t2, $v0
    add $t2, $t2, $s7
    lw $v0, 0($t2)
    
    li $t1, 4
    mul $v0, $v0, $t1
    li $t2, -52
    add $t2, $t2, $v0
    add $t2, $t2, $s7
    lw $v0, 0($t2)
    
    move $a0, $v0
    li $v0, 1
    syscall
    li $v0, 4
    la $a0, linebreak
    syscall

end :
    li $v0, 10
    syscall

 
[tableaux4.plic] => .data
linebreak: 	.asciiz "\n"
separator: 	.asciiz ", "

.text
main :
    move $s7, $sp
    add $sp, $sp, -52
    li $v0, 46
    
    move $t0, $v0
    li $v0, 5
    
    li $t1, 4
    mul $v0, $v0, $t1
    li $t2, -52
    add $t2, $t2, $v0
    add $t2, $t2, $s7
    move $v0, $t0
    sw $v0, 0($t2)
    li $v0, 5
    
    li $t1, 4
    mul $v0, $v0, $t1
    li $t2, -52
    add $t2, $t2, $v0
    add $t2, $t2, $s7
    lw $v0, 0($t2)
    
    move $t0, $v0
    li $v0, 4
    
    li $t1, 4
    mul $v0, $v0, $t1
    li $t2, -20
    add $t2, $t2, $v0
    add $t2, $t2, $s7
    move $v0, $t0
    sw $v0, 0($t2)
    li $v0, 4
    
    li $t1, 4
    mul $v0, $v0, $t1
    li $t2, -20
    add $t2, $t2, $v0
    add $t2, $t2, $s7
    lw $v0, 0($t2)
    
    move $a0, $v0
    li $v0, 1
    syscall
    li $v0, 4
    la $a0, linebreak
    syscall

end :
    li $v0, 10
    syscall

 
[tableaux5.plic] => .data
linebreak: 	.asciiz "\n"
separator: 	.asciiz ", "

.text
main :
    move $s7, $sp
    add $sp, $sp, -20
    li $v0, 2
    
    move $t0, $v0
    li $v0, 1
    
    li $t1, 4
    mul $v0, $v0, $t1
    li $t2, -20
    add $t2, $t2, $v0
    add $t2, $t2, $s7
    move $v0, $t0
    sw $v0, 0($t2)
    li $v0, 83
    
    move $t0, $v0
    li $v0, 3
    
    li $t1, 4
    mul $v0, $v0, $t1
    li $t2, -20
    add $t2, $t2, $v0
    add $t2, $t2, $s7
    move $v0, $t0
    sw $v0, 0($t2)
    li $t4, 0
    li $t5, 5
    loopTab1:
    bge $t4, $t5, endLoopTab1
    li $t1, 4
    mul $t2, $t4, $t1
    add $t2, $t2, -20
    add $t2, $t2, $s7
    lw $a0, 0($t2)
    li $v0, 1
    syscall
    li $v0, 4
    addi $t6, $t4, 1
    bge $t6, $t5, endLoopTab1
    la $a0, separator
    syscall
    addi $t4, $t4, 1
    j loopTab1
    
    endLoopTab1:
    la $a0, linebreak
    syscall

end :
    li $v0, 10
    syscall

 
[tableaux6.plic] => .data
linebreak: 	.asciiz "\n"
separator: 	.asciiz ", "

.text
main :
    move $s7, $sp
    add $sp, $sp, -32
    li $v0, 2
    
    move $t0, $v0
    li $v0, 1
    
    li $t1, 4
    mul $v0, $v0, $t1
    li $t2, -20
    add $t2, $t2, $v0
    add $t2, $t2, $s7
    move $v0, $t0
    sw $v0, 0($t2)
    li $v0, 83
    
    move $t0, $v0
    li $v0, 3
    
    li $t1, 4
    mul $v0, $v0, $t1
    li $t2, -20
    add $t2, $t2, $v0
    add $t2, $t2, $s7
    move $v0, $t0
    sw $v0, 0($t2)
    li $t4, 0
    li $t5, 5
    loopTab1:
    bge $t4, $t5, endLoopTab1
    li $t1, 4
    mul $t2, $t4, $t1
    add $t2, $t2, -20
    add $t2, $t2, $s7
    lw $a0, 0($t2)
    li $v0, 1
    syscall
    li $v0, 4
    addi $t6, $t4, 1
    bge $t6, $t5, endLoopTab1
    la $a0, separator
    syscall
    addi $t4, $t4, 1
    j loopTab1
    
    endLoopTab1:
    la $a0, linebreak
    syscall
    li $v0, 58
    
    move $t0, $v0
    li $v0, 1
    
    li $t1, 4
    mul $v0, $v0, $t1
    li $t2, -32
    add $t2, $t2, $v0
    add $t2, $t2, $s7
    move $v0, $t0
    sw $v0, 0($t2)
    li $v0, 12
    
    move $t0, $v0
    li $v0, 0
    
    li $t1, 4
    mul $v0, $v0, $t1
    li $t2, -32
    add $t2, $t2, $v0
    add $t2, $t2, $s7
    move $v0, $t0
    sw $v0, 0($t2)
    li $t4, 0
    li $t5, 3
    loopTab2:
    bge $t4, $t5, endLoopTab2
    li $t1, 4
    mul $t2, $t4, $t1
    add $t2, $t2, -32
    add $t2, $t2, $s7
    lw $a0, 0($t2)
    li $v0, 1
    syscall
    li $v0, 4
    addi $t6, $t4, 1
    bge $t6, $t5, endLoopTab2
    la $a0, separator
    syscall
    addi $t4, $t4, 1
    j loopTab2
    
    endLoopTab2:
    la $a0, linebreak
    syscall

end :
    li $v0, 10
    syscall

 
[tableauxErreur1.plic] => ERREUR: Affectation entre des types différents non autorisée (entier := tableau) (Sémantique)
 
[tableauxErreur2.plic] => ERREUR: Affectation entre des types différents non autorisée (tableau := entier) (Sémantique)
 
